<html>
<body>
<pre>
<h1>礦ision Build Log</h1>
<h2>Tool Versions:</h2>
IDE-Version: μVision V5.25.2.0
Copyright (C) 2018 ARM Ltd and ARM Germany GmbH. All rights reserved.
License Information: a a, a, LIC=UB412-97HN4-SEBH0-BMC4B-VZYPM-8QW9E
 
Tool Versions:
Toolchain:       MDK-ARM Professional  Version: 5.25.2.0
Toolchain Path:  E:\keil_v51(stm32)\ARM\ARMCC\Bin
C Compiler:      Armcc.exe V5.06 update 6 (build 750)
Assembler:       Armasm.exe V5.06 update 6 (build 750)
Linker/Locator:  ArmLink.exe V5.06 update 6 (build 750)
Library Manager: ArmAr.exe V5.06 update 6 (build 750)
Hex Converter:   FromElf.exe V5.06 update 6 (build 750)
CPU DLL:         SARMCM3.DLL V5.25.2.0
Dialog DLL:      DCM.DLL V1.17.1.0
Target DLL:      CMSIS_AGDI.dll V1.29.10.0
Dialog DLL:      TCM.DLL V1.35.1.0
 
<h2>Project:</h2>
D:\野火【i.MX RT1052 MINI 开发板】资料\程序源码\固件库例程\5-新建工程-固件库版本\project\mdk\YH-RT1052.uvprojx
Project File Date:  04/22/2018

<h2>Output:</h2>
*** Using Compiler 'V5.06 update 6 (build 750)', folder: 'E:\keil_v51(stm32)\ARM\ARMCC\Bin'
Build target 'base_demo_flexspi_nor_debug'
assembling startup_MIMXRT1052.s...
compiling fsl_clock.c...
compiling system_MIMXRT1052.c...
compiling fsl_gpio.c...
compiling fsl_assert.c...
compiling fsl_common.c...
compiling fsl_lpuart.c...
compiling fsl_sbrk.c...
compiling fsl_notifier.c...
compiling fsl_shell.c...
compiling fsl_debug_console.c...
compiling fsl_str.c...
compiling fsl_log.c...
compiling fsl_io.c...
compiling board.c...
compiling clock_config.c...
compiling pin_mux.c...
compiling main.c...
linking...
Program Size: Code=8784 RO-data=1164 RW-data=24 ZI-data=2084  
".\flexspi_nor_release\Objects\YH-RT1052.axf" - 0 Error(s), 0 Warning(s).

<h2>Software Packages used:</h2>

Package Vendor: NXP
                http://mcuxpresso.nxp.com/cmsis_pack/repo/NXP.MIMXRT1052_DFP.10.0.1.pack
                NXP.MIMXRT1052_DFP.10.0.1
                Device Family Pack for MIMXRT1052

<h2>Collection of Component include folders:</h2>
  .\RTE\_base_demo_flexspi_nor_debug
  E:\keil_v51(stm32)\ARM\PACK\NXP\MIMXRT1052_DFP\10.0.1

<h2>Collection of Component Files used:</h2>
Build Time Elapsed:  00:00:06
</pre>
</body>
</html>
